// Jest Snapshot v1, https://goo.gl/fbAQLP

exports[`<SignUp/> matches snapshot 1`] = `
<div
  className="Signup"
>
  <label>
    Mail:
    <input
      name="email"
      type="text"
      value=""
    />
  </label>
  <label>
    Name:
    <input
      name="name"
      type="text"
      value=""
    />
  </label>
  <label>
    Surname:
    <input
      name="surname"
      type="text"
      value=""
    />
  </label>
  <label>
    Login:
    <input
      name="login"
      type="text"
      value=""
    />
  </label>
  <label>
    Password:
    <input
      name="password"
      type="password"
      value=""
    />
  </label>
  <button
    className="Button"
  >
    Signup
  </button>
</div>
`;
